{
  "version": "1.4.0",
  "plugins_used": [
    {
      "name": "Base64HighEntropyString",
      "enabled": true,
      "config": {}
    },
    {
      "name": "HexHighEntropyString",
      "enabled": true,
      "config": {}
    },
    {
      "name": "PrivateKeyDetector",
      "enabled": true,
      "config": {}
    },
    {
      "name": "SlackDetector",
      "enabled": true,
      "config": {}
    },
    {
      "name": "ArtifactoryDetector",
      "enabled": true,
      "config": {}
    },
    {
      "name": "AWSKeyDetector",
      "enabled": true,
      "config": {}
    },
    {
      "name": "AzureStorageKeyDetector",
      "enabled": true,
      "config": {}
    },
    {
      "name": "CloudantDetector",
      "enabled": true,
      "config": {}
    },
    {
      "name": "DiscordBotTokenDetector",
      "enabled": true,
      "config": {}
    },
    {
      "name": "GitHubTokenDetector",
      "enabled": true,
      "config": {}
    },
    {
      "name": "GitLabTokenDetector",
      "enabled": true,
      "config": {}
    },
    {
      "name": "GoogleApiKeyDetector",
      "enabled": true,
      "config": {}
    },
    {
      "name": "HerokuApiKeyDetector",
      "enabled": true,
      "config": {}
    },
    {
      "name": "MailchimpDetector",
      "enabled": true,
      "config": {}
    },
    {
      "name": "MailgunDetector",
      "enabled": true,
      "config": {}
    },
    {
      "name": "NpmDetector",
      "enabled": true,
      "config": {}
    },
    {
      "name": "PayPalDetector",
      "enabled": true,
      "config": {}
    },
    {
      "name": "PyPiApiToken",
      "enabled": true,
      "config": {}
    },
    {
      "name": "SendGridDetector",
      "enabled": true,
      "config": {}
    },
    {
      "name": "ShopifyDetector",
      "enabled": true,
      "config": {}
    },
    {
      "name": "StripeDetector",
      "enabled": true,
      "config": {}
    },
    {
      "name": "TwilioKeyDetector",
      "enabled": true,
      "config": {}
    }
  ],
  "filters_used": [
    {
      "path": "tests/",
      "type": "path"
    }
  ],
  "results": {}
}